[backblue.gif]
[fade.gif]
[index.html]
[www.google.com/jsapi351ahtml.html]
[secure.urchin.com/helpwiki/images/google_sm.gif]
[www.google.com/urchin/support_policies.html]
[www.google.com/urchin/eula.html]
[www.google.com/urchin/index.html]
[secure.urchin.com/helpwiki/en/Help_Center.html]
[secure.urchin.com/helpwiki/assets/helpwiki.js]
[secure.urchin.com/helpwiki/assets/common.css]
[secure.urchin.com/wiki/modern/img/google_sm.gif]
[secure.urchin.com/helpwiki/assets/screen.css]
[secure.urchin.com/helpwiki/assets/print.css]
[secure.urchin.com/helpwiki/assets/projection.css]
[www.urchin.com/index.html]
[secure.urchin.com/helpwiki/en/Installation_and_Upgrades.html]
[secure.urchin.com/helpwiki/en/Initial_Configuration.html]
[secure.urchin.com/helpwiki/en/Overview.html]
[secure.urchin.com/helpwiki/en/Tracking_Campaigns.html]
[secure.urchin.com/helpwiki/en/Ecommerce.html]
[www.google.com/urchin/images/google_sm.gif]
[www.google.com/urchin/download.html]
[www.google.com/urchin/faq.html]
[www.google.com/urchin/support_policies.html]
[www.google.com/urchin/usac.html]
[www.google.com/js/gweb/analytics/autotrack.js]
[www.google.com/js/gweb/core.js]
[www.schneier.com/blowfish.html]
[curl.haxx.se/docs/copyright.html]
[www.winimage.com/zLibDll/minizip.html]
[www.postgresql.org/about/licence.a6.delayed]
[www.postgresql.org/about/licence.a7.delayed]
[www.info-zip.org/license.html]
[www.google.com/urchin/js/uu.base.js]
[www.zlib.net/zlib_faq.html]
[www.google.com/urchin/eula.html]
[www.google.com/support/urchin45/index.html]
[www.google.com/support/urchin45/index.html]
[secure.urchin.com/helpwiki/en/Cost_per_Click_(CPC)_Data.html]
[secure.urchin.com/helpwiki/en/Profiles.html]
[secure.urchin.com/helpwiki/en/Log_Files.html]
[secure.urchin.com/helpwiki/en/Filtering.html]
[secure.urchin.com/helpwiki/en/Users_&_Groups.html]
[secure.urchin.com/helpwiki/en/Scheduling.html]
[secure.urchin.com/helpwiki/en/Visitor_Identification_Methods.html]
[secure.urchin.com/helpwiki/en/Subdomains_and_Multiple_Domains.html]
[secure.urchin.com/helpwiki/en/Downloads_and_Events.html]
[secure.urchin.com/helpwiki/en/Interface_Features_and_Settings.html]
[secure.urchin.com/helpwiki/en/Working_with_Reports.html]
[secure.urchin.com/helpwiki/en/Custom_Report_Reference.html]
[secure.urchin.com/helpwiki/en/Data_API.html]
[www.google.com/urchin/index.html]
[www.google.com/urchin/images/urchin7sm.png]
[www.google.com/intl/en/policies/privacy/index.html]
[www.google.com/images/logos/google_logo_41.png]
[www.google.com/support/websearch/bin/answer.12998cd.delayed]
[support.google.com/bin/static.12a69f7.delayed]
[support.google.com/bin/static7ce3.html]
[support.google.com/accounts/bin/answerfc16.html]
[www.google.com/settings/ads/preferences.12dfef7.delayed]
[support.google.com/accounts/bin/answer5738.html]
[support.google.com/plus/bin/staticc672.html]
[support.google.com/a/bin/answerc7ed.html]
[support.google.com/websearch/bin/answer.131d4c3.delayed]
[support.google.com/websearch/bin/answer8707.html]
[support.google.com/accounts/bin/static.1338344.delayed]
[www.google.com/chrome/intl/en/more/security.html]
[support.google.com/accounts/bin/answer847c.html]
[books.google.com/intl/en/googlebooks/privacy.html]
[www.google.com/chrome/intl/en/privacy.html]
[www.google.com/intl/en/policies/privacy/index.html]
[wallet.google.com/files/privacyfef7.html]
[secure.urchin.com/en/index.html]
[secure.urchin.com/helpwiki/index.html]
[secure.urchin.com/helpwiki/en/Urchin_Supported_Platforms_and_Hardware_Requirements.html]
[secure.urchin.com/helpwiki/en/How_does_Urchin_6_differ_from_Urchin_5%3F.html]
[secure.urchin.com/helpwiki/en/How_can_I_upgrade_to_Urchin_6%3F.html]
[secure.urchin.com/helpwiki/en/Licensing_Urchin.html]
[secure.urchin.com/helpwiki/en/Urchin_Setup_Requirements.html]
[secure.urchin.com/helpwiki/en/Urchin_Installation_Guide_(FreeBSD_and_Linux).html]
[secure.urchin.com/helpwiki/en/Urchin_Installation_Guide_(Windows).html]
[secure.urchin.com/helpwiki/en/Urchin_Installation_Guide_Addendum_for_Windows_2008.html]
[secure.urchin.com/helpwiki/en/UTM_Quick-Install_(Apache).html]
[secure.urchin.com/helpwiki/en/UTM_Quick-Install_(IIS).html]
[secure.urchin.com/helpwiki/en/Using_an_Existing_IIS_Webserver_(Windows_Platforms).html]
[secure.urchin.com/helpwiki/en/Using_an_Existing_Apache_Webserver_(UNIX-type_Platforms).html]
[secure.urchin.com/helpwiki/en/Will_the_Urchin_cookies_interfere_with_our_website's_cookies%3F.html]
[secure.urchin.com/helpwiki/en/UTM_processing_is_not_reporting_any_visitors,_sessions_or_page_views.html]
[secure.urchin.com/helpwiki/en/Why_does_Urchin_install_an_Apache_webserver%3F.html]
[secure.urchin.com/helpwiki/en/How_do_I_remove_Apache_and_Urchin_Scheduler_services_from_Windows_2000%3F.html]
[secure.urchin.com/helpwiki/en/How_do_I_remove_our_own_internal_visitors_from_our_web_site_report%3F.html]
[secure.urchin.com/helpwiki/en/How_do_I_locate_my_Serial_Code%3F.html]
[secure.urchin.com/helpwiki/en/How_do_I_install_Urchin_startup_scripts_on_RedHat%3F.html]
[secure.urchin.com/helpwiki/en/Overview_of_Urchin_Integration_Capabilities.html]
[secure.urchin.com/helpwiki/en/Urchin_6.501_Known_Issues.html]
[secure.urchin.com/helpwiki/en/Urchin_6.5_and_6.501_Changelists.html]
[secure.urchin.com/helpwiki/en/Urchin_6.6,_6.601,_and_6.602_Changelists.html]
[secure.urchin.com/helpwiki/en/Urchin_6.6,_6.601,_and_6.602_Known_Issues.html]
[secure.urchin.com/helpwiki/en/Setup_Recommendations.html]
[secure.urchin.com/helpwiki/en/Processing_Apache_Logs_with_Multiple_Virtual_Hosts.html]
[secure.urchin.com/helpwiki/en/How_do_I_get_Urchin_to_read_a_webserver_log_from_standard_input_(stdin)%3F.html]
[secure.urchin.com/helpwiki/en/How_do_I_configure_BEA_WebLogic_to_create_extended_combined_or_common_log_format%3F.html]
[secure.urchin.com/helpwiki/en/How_do_I_activate_SSL_on_the_Urchin_Webserver%3F.html]
[secure.urchin.com/helpwiki/en/By_default,_visitor_sessions_timeout_after_30_minutes_of_inactivity._How_can_I_change_this_setting.html]
[secure.urchin.com/helpwiki/en/How_do_I_handle_error_'(7054-323-317)_Unable_to_restore_databases_since_backup_does_not_exist'%3F.html]
[secure.urchin.com/helpwiki/en/How_Do_I_Restrict_Urchin_Access_to_a_Single_IP_Address%3F.html]
[secure.urchin.com/helpwiki/en/Changing_the_Port_Number.html]
[secure.urchin.com/helpwiki/en/How_Do_I_Change_the_UID_(user)_That_Urchin_Runs_As_on_UNIX-type_Platforms%3F.html]
[secure.urchin.com/helpwiki/en/Importing_Profiles_(Windows).html]
[secure.urchin.com/helpwiki/en/I'm_not_seeing_any_data_in_my_reports..html]
[secure.urchin.com/helpwiki/en/Setting_Up_Conversion_Goals.html]
[secure.urchin.com/helpwiki/en/The_URLs_for_each_step_in_my_Defined_Funnel_Path_are_identical._How_can_I_track_each_step_as_if_it_were_a_unique_URL%3F.html]
[secure.urchin.com/helpwiki/en/Linking_Directly_to_Urchin_Reports.html]
[secure.urchin.com/helpwiki/en/Import_Cost_Data_from_Google.html]
[secure.urchin.com/helpwiki/en/How_can_I_display_the_full_URI_including_query_terms_in_one_report%3F.html]
[secure.urchin.com/helpwiki/en/I'm_using_Safari_on_Mac_OS_X_and_am_unable_to_view_any_reports.html]
[secure.urchin.com/helpwiki/en/Using_NFS_requires_locking.html]
[secure.urchin.com/helpwiki/en/Administration_Overview.html]
[secure.urchin.com/helpwiki/en/How_the_Urchin_Traffic_Monitor_(UTM)_Works.html]
[secure.urchin.com/helpwiki/en/Time_Formats.html]
[secure.urchin.com/helpwiki/en/Custom_Lookup_Tables.html]
[secure.urchin.com/helpwiki/en/Regular_Expression_Overview.html]
[secure.urchin.com/helpwiki/en/Urchin_Helper_Scripts.html]
[secure.urchin.com/helpwiki/en/Administration_Utilities_Overview.html]
[secure.urchin.com/helpwiki/en/CPC_Data_Import_Utilities.html]
[secure.urchin.com/helpwiki/en/urchin%3A_Urchin_Log_Processing_Engine.html]
[secure.urchin.com/helpwiki/en/Urchin_Services_Control_Utility_(urchinctl).html]
[secure.urchin.com/helpwiki/en/inspector%3A_Urchin_Installation_Integrity_Checker.html]
[secure.urchin.com/helpwiki/en/udb-sanitizer%3A_Database_Maintenance.html]
[secure.urchin.com/helpwiki/en/uconf-management%3A_Urchin_Configuration_Manager_Utility.html]
[secure.urchin.com/helpwiki/en/geo-update%3A_DNS_Database_Update_Utility.html]
[secure.urchin.com/helpwiki/en/ugetlicense%3A_Urchin_License_Operation_Utility.html]
[secure.urchin.com/helpwiki/en/autoupdate%3A_Urchin_Automatic_Updates_Utility.html]
[secure.urchin.com/helpwiki/en/Cobranding_Urchin.html]
[secure.urchin.com/helpwiki/en/Global_Filtering_of_Hits_from_Monitoring_Software.html]
[secure.urchin.com/helpwiki/en/Reducing_Disk_Storage_for_Urchin_Profile_Monthly_Databases.html]
[secure.urchin.com/helpwiki/en/Using_External_Authentication_or_Authentication_Bypass.html]
[secure.urchin.com/helpwiki/en/Active_Directory.html]
[secure.urchin.com/helpwiki/en/Can_I_move_the_Data_directory_to_another_location%3F.html]
[secure.urchin.com/helpwiki/en/How_can_I_move_Urchin_and_all_of_the_report_data_to_another_server%3F.html]
[secure.urchin.com/helpwiki/en/What_does_'Warning,_Task_Scheduler_Disabled'_mean%3F.html]
[secure.urchin.com/helpwiki/en/Why_don't_my_scheduled_Tasks_run_even_though_the_Urchin_Scheduler_is_running%3F.html]
[secure.urchin.com/helpwiki/en/Why_am_I_getting_'httpd%3A_could_not_set_socket_option_TCP_NODELAY'_in_my_error_log%3F.html]
[secure.urchin.com/helpwiki/en/What_does_'Execution_of_urchin.cgi_timed_out'_mean%3F.html]
[secure.urchin.com/helpwiki/en/How_do_I_reset_profile_data_when_doing_testing%3F.html]
[secure.urchin.com/helpwiki/en/How_do_I_recover_from_'Unable_to_open_database_for_writing_since_it_has_been_archived'_error%3F.html]
[secure.urchin.com/helpwiki/en/Error_code_list_for_failed_FTP_and_HTTP_remote_webserver_log_transfers.html]
[secure.urchin.com/helpwiki/en/How_can_I_cancel_a_stuck_log_processing_task%3F.html]
[secure.urchin.com/helpwiki/en/Urchin_Reporting_Database_Settings.html]
[secure.urchin.com/helpwiki/en/How_can_I_change_to_Data_Center_Mode_now_that_Urchin_is_already_configured%3F.html]
[secure.urchin.com/helpwiki/en/Process_Manager.html]
[secure.urchin.com/helpwiki/en/Working_with_Users_&_Groups.html]
[secure.urchin.com/helpwiki/en/Automatic_Updates_Overview.html]
[secure.urchin.com/helpwiki/en/DNS_Data_(Urchin_7.0+).html]
[secure.urchin.com/helpwiki/en/Advanced_Segmentation.html]
[secure.urchin.com/helpwiki/en/Advanced_Segments_mapping.html]
[secure.urchin.com/helpwiki/en/Embedded_Help_and_Local_Help_Center.html]
[secure.urchin.com/helpwiki/en/Urchin_7_Parallel_Profile_Processing.html]
[secure.urchin.com/helpwiki/en/The_Five_Dimensions_of_Campaign_Tracking.html]
[secure.urchin.com/helpwiki/en/How_To_Tag_Your_Online_Links.html]
[secure.urchin.com/helpwiki/en/How_To_Track_Your_RSS_Generated_Traffic%3F.html]
[secure.urchin.com/helpwiki/en/Tracking_AdWords_Campaigns.html]
[secure.urchin.com/helpwiki/en/How_can_I_make_Urchin_identify_additional_search_engines_in_the_Referral_reports%3F.html]
[secure.urchin.com/helpwiki/en/Tracking_Outgoing_Links_and_Ads.html]
[secure.urchin.com/helpwiki/en/Defining_Custom_Visitor_Segments.html]
[secure.urchin.com/helpwiki/en/B_Testing%3F.html]
[secure.urchin.com/helpwiki/en/How_To_Use_Master_Tracking_Codes.html]
[secure.urchin.com/helpwiki/en/How_do_I_hide_the_UTM_campaign_tracking_variables_in_my_links%3F.html]
[secure.urchin.com/helpwiki/en/The_links_to_my_site_already_contain_my_own_campaign_tracking_variables._Can_I_use_these_variables_instead_of_Urchin's%3F.html]
[secure.urchin.com/helpwiki/en/If_a_visitor_clicks_on_ads_from_multiple_campaigns_before_converting_for_a_goal,_which_campaign_gets_credit_for_the_conversion%3F.html]
[secure.urchin.com/helpwiki/en/How_To_Analyze_Keyword_Buying.html]
[secure.urchin.com/helpwiki/en/Campaign_Tracking%3A_Why_do_I_have_0_clicks_but_still_show_conversions%3F.html]
[secure.urchin.com/helpwiki/en/Associating_Campaigns_with_Individual_Visitors.html]
[secure.urchin.com/helpwiki/en/E-commerce_Overview.html]
[secure.urchin.com/helpwiki/en/How_do_I_track_e-commerce_transactions%3F.html]
[secure.urchin.com/helpwiki/en/ELF2_Log_Format.html]
[secure.urchin.com/helpwiki/en/Tracking_Secure_Store_Transactions.html]
[secure.urchin.com/helpwiki/en/Why_are_the_numbers_in_Urchin's_e-commerce_reports_different_from_the_numbers_I_get_from_my_shopping_cart_service%3F.html]
[secure.urchin.com/helpwiki/en/Using_UTM_with_E-commerce.html]
[secure.urchin.com/helpwiki/en/How_do_I_remove_an_e-commerce_transaction_from_my_reports%3F.html]
[secure.urchin.com/helpwiki/en/How_do_I_use_Urchin_to_track_a_third-party_shopping_trolley%3F.html]
[secure.urchin.com/helpwiki/en/My_shopping_cart_has_a_different_domain_name_than_my_store_site._How_do_I_set_up_e-commerce_tracking%3F.html]
[secure.urchin.com/helpwiki/en/Custom_E-commerce_Logs.html]
[www.w3.org/1999/xhtml/index.html]
[www.google.com/urchin/styles.css]
[www.google.com/urchin/features.html]
[www.google.com/urchin/download.html]
[www.google.com/urchin/faq.html]
[www.google.com/urchin/usac.html]
[groups.google.com/group/urchin-help/index.html]
[groups.google.com/group/urchin-help/index.html]
[www.google.com/support/analytics/indexfef7.html]
[www.google.com/support/analytics/indexfef7.html]
[www.google.com/urchin/index-2.html]
[www.google.com/urchin/index-2.html]
[www.google.com/css/gcs-v2.css]
[www.google.com/urchin/css/urchin.base.css]
[www.google.com/index.html]
[ws.apache.org/axis2/c/index.html]
[bcrypt.sourceforge.net/index.html]
[www.schneier.com/blowfish.html]
[www.boost.org/users/license.html]
[www.bzip.org/index.html]
[curl.haxx.se/docs/copyright.html]
[ezxml.sourceforge.net/index.html]
[www.math.utah.edu/docs/info/gzip_toc.html]
[www.gnu.org/software/libiconv/index.html]
[www.gnu.org/software/libiconv/index.html]
[www.winimage.com/zLibDll/minizip.html]
[www.mysql.com/company/legal/licensing/index.html]
[www.openldap.org/index.html]
[www.openssl.org/about/index.html]
[www.postgresql.org/about/licence/index.html]
[www.postgresql.org/about/licence/index.html]
[www.ijs.si/software/snprintf/index.html]
[www.info-zip.org/license.html]
[www.zlib.net/zlib_faq.html]
[support.google.com/urchin45/indexd41d.html]
[support.google.com/urchin45/indexd41d.html]
[secure.urchin.com/helpwiki/en/CPC_Sources.html]
[secure.urchin.com/helpwiki/en/Keyword_Tool.html]
[secure.urchin.com/helpwiki/en/Urchin_Integration_with_AdWords.html]
[secure.urchin.com/helpwiki/en/Working_with_Profiles.html]
[secure.urchin.com/helpwiki/en/What_is_the_maximum_number_of_goals_a_Profile_can_have%3F.html]
[secure.urchin.com/helpwiki/en/How_many_profiles_can_I_have%3F.html]
[secure.urchin.com/helpwiki/en/In_the_Reporting_tab_of_my_Profile_Settings,_what_is_the_%22Default_Page%22_field%3F.html]
[secure.urchin.com/helpwiki/en/Why_do_I_get_an_error_when_I_try_to_rerun_a_profile_after_it_has_failed%3F.html]
[secure.urchin.com/helpwiki/en/Wildcard_&_Date_Substitution_in_Log_Path.html]
[secure.urchin.com/helpwiki/en/Working_with_Log_Sources.html]
[secure.urchin.com/helpwiki/en/Log_Reprocessing.html]
[secure.urchin.com/helpwiki/en/Processing_Historical_Logs.html]
[secure.urchin.com/helpwiki/en/Logging_-_Apache_and_IIS.html]
[secure.urchin.com/helpwiki/en/Log_Management.html]
[secure.urchin.com/helpwiki/en/Logging%3A_Tomcat_(Apache_Jakarta_Project).html]
[secure.urchin.com/helpwiki/en/Logging_-_iPlanet.html]
[secure.urchin.com/helpwiki/en/Logging_-_Other_Webservers.html]
[secure.urchin.com/helpwiki/en/Log_Rotation_Best_Practices.html]
[secure.urchin.com/helpwiki/en/Custom_Log_Formats.html]
[secure.urchin.com/helpwiki/en/Why_can't_my_log_file_be_read_eventhough_it_is_group_readable%3F.html]
[secure.urchin.com/helpwiki/en/Are_there_limitations_to_log_file_size%3F.html]
[secure.urchin.com/helpwiki/en/Working_with_UNC_log_sources.html]
[secure.urchin.com/helpwiki/en/Working_with_UNC_log_sources_(Urchin_7.0).html]
[secure.urchin.com/helpwiki/en/Filtering_Overview.html]
[secure.urchin.com/helpwiki/en/Advanced_Filters.html]
[secure.urchin.com/helpwiki/en/Lookup_Table_Filters.html]
[secure.urchin.com/helpwiki/en/Include_Filters.html]
[secure.urchin.com/helpwiki/en/What_information_do_the_filter_fields_represent%3F.html]
[secure.urchin.com/helpwiki/en/Custom_Order_of_Filters.html]
[secure.urchin.com/helpwiki/en/How_do_I_grant_users_access_to_specific_profiles%3F.html]
[secure.urchin.com/helpwiki/en/How_do_I_give_more_users_access_to_the_reports%3F.html]
[secure.urchin.com/helpwiki/en/Working_with_Accounts.html]
[secure.urchin.com/helpwiki/en/Working_with_the_Task_Scheduler.html]
[secure.urchin.com/helpwiki/en/Visitor_Correlation.html]
[secure.urchin.com/helpwiki/en/My_site_has_multiple_domain_names._How_do_I_set_up_tracking%3F.html]
[secure.urchin.com/helpwiki/en/How_do_I_track_all_of_the_subdomains_for_my_site_in_separate_profiles%3F.html]
[secure.urchin.com/helpwiki/en/How_do_I_track_all_the_subdomains_for_my_site_in_one_profile%3F.html]
[secure.urchin.com/helpwiki/en/Using_UTM_with_Domain_Aliases.html]
[secure.urchin.com/helpwiki/en/How_do_I_track_Flash_events%3F.html]
[secure.urchin.com/helpwiki/en/My_site_has_only_one_URL_because_I_am_using_Flash._How_do_I_set_up_a_goal_funnel%3F.html]
[secure.urchin.com/helpwiki/en/How_do_I_track_clicks_on_outbound_links%3F.html]
[secure.urchin.com/helpwiki/en/How_do_I_track_banner_ad_exits%3F.html]
[secure.urchin.com/helpwiki/en/How_do_I_track_JavaScript_events%3F.html]
[secure.urchin.com/helpwiki/en/Date_Range.html]
[secure.urchin.com/helpwiki/en/Data_Export.html]
[secure.urchin.com/helpwiki/en/Geo-databases.html]
[secure.urchin.com/helpwiki/en/Who_are_my_top_referral_sources%3F.html]
[secure.urchin.com/helpwiki/en/Which_pages_on_my_website_receive_the_most_traffic%3F.html]
[secure.urchin.com/helpwiki/en/What_is_the_difference_between_a_visitor_and_a_visit%3F.html]
[secure.urchin.com/helpwiki/en/What_do_the_abbreviations_in_the_column_headers_mean%3F.html]
[secure.urchin.com/helpwiki/en/Understanding_Average_Score.html]
[secure.urchin.com/helpwiki/en/Why_is_the_Avg_Time_so_long_on_my_UTM-tracked_site%3F.html]
[secure.urchin.com/helpwiki/en/index.htm%22_tracked_separately_in_my_Urchin_reports,_even_though_they're_the_same_page%3F.html]
[secure.urchin.com/helpwiki/en/Why_does_the_Top_Files_report_show_more_hits_than_the_Downloads_report%3F.html]
[secure.urchin.com/helpwiki/en/Why_isn't_Urchin_tracking_my_goals%3F.html]
[secure.urchin.com/helpwiki/en/Why_do_I_see_'Other'_in_my_reports%3F.html]
[secure.urchin.com/helpwiki/en/Why_aren't_my_reports_displaying_properly%3F.html]
[secure.urchin.com/helpwiki/en/How_do_I_interpret_the_reports_for_a_website_that_has_frames%3F.html]
[secure.urchin.com/helpwiki/en/How_do_I_exclude_internal_traffic_from_my_reports%3F.html]
[secure.urchin.com/helpwiki/en/How_can_I_make_my_dynamic_URLs_appear_alongside_static_URLs_in_my_reports%3F.html]
[secure.urchin.com/helpwiki/en/How_can_I_exclude_referrals_from_my_own_site_from_my_reports%3F.html]
[secure.urchin.com/helpwiki/en/How_can_I_configure_Urchin_to_treat_certain_keywords_or_URLs_as_direct_referrals_instead_of_keywords%3F.html]
[secure.urchin.com/helpwiki/en/Why_does_my_browser_time-out_when_I_view_my_reports%3F.html]
[secure.urchin.com/helpwiki/en/Why_do_I_have_so_many_'No_Referral'_entries_in_my_Referrals_report%3F.html]
[secure.urchin.com/helpwiki/en/Why_are_search_engines_missing_from_my_reports%3F.html]
[secure.urchin.com/helpwiki/en/Why_is_the_Visitors_and_Sessions_report_blank%3F.html]
[secure.urchin.com/helpwiki/en/Why_does_Microsoft_Data_Access_Internet_Publishing_Provider_show_up_in_the_Browsers_report%3F.html]
[secure.urchin.com/helpwiki/en/Why_are_some_reports_missing_from_the_Marketing_Optimization_section%3F.html]
[secure.urchin.com/helpwiki/en/Can_I_have_Urchin's_reports_emailed_to_me%3F.html]
[secure.urchin.com/helpwiki/en/Rollup_Reports.html]
[secure.urchin.com/helpwiki/en/Advertisement_Optimization_Overview.html]
[secure.urchin.com/helpwiki/en/Marketing_Optimization_Overview.html]
[secure.urchin.com/helpwiki/en/Content_Optimization_Overview.html]
[secure.urchin.com/helpwiki/en/E-Commerce_Overview-2.html]
[secure.urchin.com/helpwiki/en/IT_Reports_Overview.html]
[secure.urchin.com/helpwiki/en/Site_Summary_Report.html]
[secure.urchin.com/helpwiki/en/Urchin_7_New_Reporting_User_Interface.html]
[secure.urchin.com/helpwiki/en/Event_Tracking.html]
[secure.urchin.com/helpwiki/en/Urchin_7_Report_Regrouping.html]
[secure.urchin.com/helpwiki/en/Permalinks.html]
[secure.urchin.com/helpwiki/en/How_To_Create_Custom_Reports.html]
[secure.urchin.com/helpwiki/en/Custom_Data_Maps.html]
[secure.urchin.com/helpwiki/en/Field_List.html]
[secure.urchin.com/helpwiki/en/Fields_Used_in_Selected_Reports.html]
[secure.urchin.com/helpwiki/en/How_to_Create_Custom_Entries_for_a_Language.html]
[secure.urchin.com/helpwiki/en/Urchin_5_to_Urchin_6_Report_Data_Mapping.html]
[secure.urchin.com/helpwiki/en/Reports_with_Multiple_Tabs_and_Cross_Report_Drilling.html]
[secure.urchin.com/helpwiki/en/Introduction_to_Urchin_Data_API_Web_Services_v1.html]
[secure.urchin.com/helpwiki/en/Urchin_Data_API_FAQ.html]
[secure.urchin.com/helpwiki/en/Samples_on_Google_Code.html]
[secure.urchin.com/helpwiki/en/SOAP_Services_v1.html]
[secure.urchin.com/helpwiki/en/Admin_service_(SOAP)_v1.html]
[secure.urchin.com/helpwiki/en/getAccountList_(SOAP)_v1.html]
[secure.urchin.com/helpwiki/en/getProfileList_(SOAP)_v1.html]
[secure.urchin.com/helpwiki/en/Report_service_(SOAP)_v1.html]
[secure.urchin.com/helpwiki/en/getTableList_(SOAP)_v1.html]
[secure.urchin.com/helpwiki/en/getData_(SOAP)_v1.html]
[secure.urchin.com/helpwiki/en/Filters_(SOAP)_v1.html]
[secure.urchin.com/helpwiki/en/Aggregation_of_'total'_table_(SOAP)_v1.html]
[secure.urchin.com/helpwiki/en/Known_Constraints_(SOAP)_v1.html]
[secure.urchin.com/helpwiki/en/getData_Sample_Request_and_Response_(SOAP)_v1.html]
[secure.urchin.com/helpwiki/en/Samples_for_Java_(SOAP)_v1.html]
[code.google.com/p/urchin-software-api-java-samples/index.html]
[code.google.com/p/urchin-software-api-java-samples/index.html]
[secure.urchin.com/helpwiki/en/Samples_for_.NET_(SOAP)_v1.html]
[code.google.com/p/urchin-software-api-net-samples/index.html]
[code.google.com/p/urchin-software-api-net-samples/index.html]
[secure.urchin.com/helpwiki/en/REST_Services_v1.html]
[secure.urchin.com/helpwiki/en/Admin_service_(REST)_v1.html]
[secure.urchin.com/helpwiki/en/getAccountList_(REST)_v1.html]
[secure.urchin.com/helpwiki/en/getProfileList_(REST)_v1.html]
[secure.urchin.com/helpwiki/en/Report_service_(REST)_v1.html]
[secure.urchin.com/helpwiki/en/getTableList_(REST)_v1.html]
[secure.urchin.com/helpwiki/en/getData_(REST)_v1.html]
[secure.urchin.com/helpwiki/en/Filters_(REST)_v1.html]
[secure.urchin.com/helpwiki/en/Aggregation_of_'total'_table_(REST)_v1.html]
[secure.urchin.com/helpwiki/en/Known_Constraints_(REST)_v1.html]
[secure.urchin.com/helpwiki/en/getData_Sample_Request_and_Response_(REST)_v1.html]
[secure.urchin.com/helpwiki/en/Samples_for_Java_(REST)_v1.html]
[secure.urchin.com/helpwiki/en/Samples_for_.NET_(REST)_v1.html]
[secure.urchin.com/helpwiki/en/Dimensions_v1.html]
[secure.urchin.com/helpwiki/en/Metrics_and_Units_v1.html]
[secure.urchin.com/helpwiki/en/Tables_v1.html]
[secure.urchin.com/helpwiki/en/Error_Handling_v1.html]
[secure.urchin.com/helpwiki/en/Urchin_Data_API_v2_Services.html]
[fonts.googleapis.com/css7ba5.css]
[www.google.com/policies/css/default.css]
[www.google.com/intl/en/policies/index.html]
[www.google.com/intl/en/policies/index.html]
[www.google.com/intl/en/policies/privacy/ads/index.html]
[www.google.com/intl/en/policies/privacy/ads/index.html]
[www.google.com/intl/en/policies/privacy/principles/index.html]
[www.google.com/intl/en/policies/privacy/principles/index.html]
[www.google.com/intl/en/policies/privacy/tools/index.html]
[www.google.com/intl/en/policies/privacy/tools/index.html]
[www.google.com/intl/en/policies/privacy/blogs/index.html]
[www.google.com/intl/en/policies/privacy/blogs/index.html]
[www.google.com/intl/en/policies/privacy/videos/index.html]
[www.google.com/intl/en/policies/privacy/videos/index.html]
[www.google.com/intl/en/policies/privacy/faq/index.html]
[www.google.com/intl/en/policies/privacy/faq/index.html]
[www.google.com/intl/en/policies/terms/index.html]
[www.google.com/intl/en/policies/terms/index.html]
[www.google.com/intl/en/policies/privacy/archive/index.html]
[www.google.com/intl/en/policies/privacy/archive/index.html]
[www.google.com/intl/en/policies/privacy/frameworks/index.html]
[www.google.com/intl/en/policies/privacy/frameworks/index.html]
[www.google.com/intl/en/policies/privacy/key-terms/index.html]
[www.google.com/intl/en/policies/privacy/key-terms/index.html]
[support.google.com/bin/static7ce3.html]
[support.google.com/accounts/bin/answerfc16.html]
[www.google.com/dashboard/indexfef7.html]
[www.google.com/dashboard/indexfef7.html]
[www.google.com/settings/ads/preferences/indexfef7.html]
[www.google.com/settings/ads/preferences/indexfef7.html]
[support.google.com/accounts/bin/answer5738.html]
[support.google.com/plus/bin/staticc672.html]
[www.dataliberation.org/index.html]
[www.dataliberation.org/index.html]
[support.google.com/a/bin/answerc7ed.html]
[support.google.com/websearch/bin/answer8707.html]
[support.google.com/accounts/bin/answer847c.html]
[www.google.com/chrome/intl/en/more/security.html]
[www.google.com/chrome/intl/en/privacy.html]
[books.google.com/intl/en/googlebooks/privacy.html]
[wallet.google.com/files/privacyfef7.html]
[www.apache.org/LICENSE.txt]
