[support.google.com/urchin45/indexfef7.html]
[backblue.gif]
[fade.gif]
[index.html]
[www.google.com/favicon.ico]
[support.google.com/urchin45/bin/resource/js_variables.2bab1.delayed]
[support.google.com/urchin45/bin/resource/js_variablesb57e.js]
[www.google.com/jsapihtml.html]
[support.google.com/urchin45/bin/resource/js_minified22af.js]
[plusone.google.com/js/plusone.js]
[www.google.com/calendar.7.delayed]
[picasaweb.google.com/home.9fef7.delayed]
[www.google.com/accounts/ServiceLogin.a964b.delayed]
[accounts.google.com/ServiceLogin1da0.html]
[www.google.com/webhpfef7.html]
[www.google.com/accounts/ServiceLogin.ec779.delayed]
[accounts.google.com/ServiceLogin964b.html]
[support.google.com/urchin45.10.delayed]
[www.google.com/images/logos/google_logo_41.png]
[accounts.google.com/ServiceLoginc779.html]
[www.google.com/help/hc/images/hc_magnifying_glass.png]
[www.google.com/help/hc/images/alert18.gif]
[support.google.com/urchin45/bin/topic75a7.html]
[support.google.com/urchin45/bin/topicd61c.html]
[support.google.com/urchin45/bin/topic292b.html]
[support.google.com/urchin45/bin/topic21d1.html]
[support.google.com/urchin45/bin/topic3acb.html]
[support.google.com/urchin45/bin/topic2c48.html]
[support.google.com/urchin45/bin/topic9886.html]
[support.google.com/urchin45/bin/topic9c26.html]
[support.google.com/urchin45/bin/topic7698.html]
[support.google.com/urchin45/bin/topicf468.html]
[support.google.com/urchin45/bin/topicdd40.html]
[support.google.com/urchin45/bin/topic787a.html]
[support.google.com/urchin45/bin/topicf9d6.html]
[support.google.com/urchin45/bin/topicc643.html]
[support.google.com/urchin45/bin/topic93f3.html]
[support.google.com/urchin45/bin/topic0e39.html]
[support.google.com/urchin45/bin/requestdefc.html]
[support.google.com/urchin45/bin/answerd4c3.html]
[support.google.com/urchin45/bin/answer5a40.html]
[support.google.com/urchin45/bin/answereffc.html]
[support.google.com/urchin45/bin/answerea2e.html]
[support.google.com/urchin45/bin/answer8c4d.html]
[support.google.com/urchin45/bin/answerc375.html]
[support.google.com/urchin45/bin/request.html]
[www.google.com/accounts/TOS.3080c4.delayed]
[www.google-analytics.com/ga.js]
[support.google.com/urchin45/bin/resource/urchin_util8e0e.js]
[support.google.com/urchin45/indexfef7.html]
[support.google.com/urchin45/bin/resource/js_validate_static8fa7.js]
[www.google.com/images/icons/feature/heart-r16.png]
[www.google.com/images/icons/product/discussions-32.gif]
[www.google.com/images/icons/feature/help_forum-o48.png]
[www.google.com/images/icons/feature/babyblock-r32.png]
[www.google.com/images/icons/feature/books-lb32.png]
[www.google.com/images/icons/feature/controlpanel-p32.png]
[www.google.com/help/hc/images/flag_E5ECF4.gif]
[www.google.com/images/icons/feature/wrench-lb24_e5ecf4.png]
[www.google.com/help/hc/images/hc_icon_close_spr.gif]
[www.google.com/images/icons/feature/lightbulb-y16.png]
[www.google.com/images/icons/product/translate-16.png]
[www.google.com/images/icons/feature/articles-g24.png]
[www.google.com/help/hc/images/hc_icon_pretty_warning_global.gif]
[www.google.com/help/hc/images/icons/hc_icon_filelink_document.png]
[www.google.com/help/hc/images/icons/hc_icon_filelink_drawing.png]
[www.google.com/help/hc/images/icons/hc_icon_filelink_file.png]
[www.google.com/help/hc/images/icons/hc_icon_filelink_form.png]
[www.google.com/help/hc/images/icons/hc_icon_filelink_pdf.png]
[www.google.com/help/hc/images/icons/hc_icon_filelink_presentation.png]
[www.google.com/help/hc/images/icons/hc_icon_filelink_sites.png]
[www.google.com/help/hc/images/icons/hc_icon_filelink_spreadsheet.png]
[www.google.com/help/hc/images/hc_icon_pretty_tip_global.gif]
[www.google.com/help/hc/images/hc_icon_pretty_security_global.gif]
[www.google.com/help/hc/images/arrowl.png]
[www.google.com/help/hc/images/arrowr.png]
[www.google.com/images/modules/buttons/g-button-chocobo-1.gif]
[www.google.com/images/modules/buttons/g-button-chocobo-2.gif]
[www.google.com/images/modules/buttons/g-button-chocobo-basic-1.gif]
[www.google.com/images/modules/buttons/g-button-chocobo-basic-2.gif]
[www.google.com/images/icons/feature/mail-lb24.png]
[www.google.com/images/icons/product/discussions-24.gif]
[www.google.com/help/hc/images/forums-24.gif]
[www.google.com/images/icons/security-24.gif]
[www.google.com/help/hc/images/icons/hc_icon_zippy_alt_expanded.png]
[www.google.com/help/hc/images/icons/hc_icon_zippy_alt_collapsed.png]
[www.google.com/help/hc/images/zippy_minus_sm.gif]
[www.google.com/help/hc/images/zippy_plus_sm.gif]
[mail.google.com/mail/images/print_icon.gif]
[www.google.com/images/icons/feature/mail-lb16.png]
[www.google.com/images/icons/feature/checkmark-g14x13.png]
[www.google.com/help/hc/images/orkut_button_L.gif]
[www.google.com/help/hc/images/orkut_button_bg.gif]
[www.google.com/help/hc/images/orkut_button_R.gif]
[www.google.com/help/hc/images/hc_icon_surveylink_global.png]
[www.google.com/help/hc/images/hc_icon_mini_groups_global.png]
[www.google.com/help/hc/images/hc_icon_mini_plus_global.png]
[www.google.com/images/icons/feature/chalkboard_123-y64.png]
[www.google.com/images/icons/feature/chat-b32.png]
[www.google.com/help/hc/images/sm_minus.gif]
[www.google.com/help/hc/images/sm_plus.gif]
[www.google.com/images/icons/product/blogger-16.png]
[www.google.com/images/icons/feature/babyblock-r16.png]
[www.google.com/help/hc/images/discussion.gif]
[www.google.com/images/icons/youtube-16.gif]
[www.google.com/images/icons/feature/wrench-lb16.png]
[www.google.com/images/icons/flag-16.gif]
[www.google.com/images/icons/feature/key-y16.png]
[www.google.com/images/icons/search-24.gif]
[www.google.com/images/icons/feature/chalkboard_q-y24.png]
[www.google.com/images/icons/feature/checkmark-g24.png]
[www.google.com/images/icons/feature/mail-b32.png]
[www.google.com/images/icons/feature/phone-b32.png]
[www.google.com/images/icons/feature/help_forum-lb32.png]
[www.google.com/images/icons/movies-24.gif]
[www.google.com/help/hc/images/icons/hc_icon_check_blue_global.png]
[www.google.com/help/hc/images/icons/hc_icon_check_green_global.png]
[www.google.com/help/hc/images/adwordsLC_diploma_small.gif]
[www.google.com/accounts/hosted/helpcenter/images/tooltips/spin_32.gif]
[www.google.com/images/icons/loading-16.gif]
[www.google.com/images/icons/feature/checkmark-b32.png]
[www.google.com/images/icons/feature/chalkboard_person-o32.png]
[www.google.com/images/icons/feature/play-g32.png]
[www.google.com/images/icons/feature/play-g16.png]
[www.google.com/mobile/images/ui/phonedrop-arrow.gif]
[www.google.com/help/hc/images/android/nexus_one_og/step_single_bullet.gif]
[www.google.com/help/hc/images/android/nexus_one_og/step_single_bullet_rtl.gif]
[www.google.com/images/icons/feature/chat-g42.png]
[www.google.com/images/icons/feature/phone-lb42.png]
[www.google.com/help/hc/images/icons/education_20.png]
[www.google.com/help/hc/images/hc_lb_left_arrow.png]
[www.google.com/help/hc/images/hc_lb_right_arrow.png]
[www.google.com/help/hc/images/hc_lb_close_icon.png]
[www.google.com/help/hc/images/hc_icon_share_print_global.gif]
[www.google.com/help/hc/images/hc_icon_share_share_global.gif]
[www.google.com/intl/en_us/adwords/select/images/bulb.gif]
[www.google.com/help/hc/images/nav_logo3.png]
[www.google.com/mobile/images/mgc3/mgc-body-toolbar-bg.png]
[www.google.com/images/icons/feature/screwdriver_wrench-32.gif]
[www.google.com/images/icons/feature/chalkboard_q-y32.png]
[www.google.com/images/icons/search-32.gif]
[www.google.com/images/nav_logo36.png]
[www.google.com/help/hc/images/hc_icon_intent_how_global.gif]
[www.google.com/help/hc/images/hc_icon_intent_fix_global.gif]
[www.google.com/help/hc/images/hc_icon_back_global.png]
[www.google.com/help/hc/images/icons/hc_icon_fwd_global.png]
[www.google.com/help/hc/images/newui/hc_iconsm_more_global.png]
[www.google.com/help/hc/images/hc_icon_streamlined_arrow_right.png]
[www.google.com/help/hc/images/hc_icon_streamlined_arrow_left.png]
[www.google.com/help/hc/images/hc_icon_back_red_global.png]
[www.google.com/help/hc/images/icons/hc_icon_forward_red_global.png]
[www.google.com/help/hc/images/hc_icon_back_arrow.png]
[www.google.com/help/hc/images/hc_yarnlett_global.png]
[www.google.com/help/hc/images/icons/hc_yarnlett_global_rtl.png]
[www.google.com/images/icons/feature/mail-y48.png]
[www.google.com/images/icons/feature/phone-b48.png]
[www.google.com/images/icons/feature/chat-g48.png]
[www.google.com/images/icons/product/discussions-48.gif]
[www.google.com/images/icons/feature/wrench-lb48.png]
[www.google.com/images/icons/feature/screwdriver_wrench-48.gif]
[www.google.com/help/hc/images/vark_logosmall.gif]
[www.google.com/images/icons/feature/screwdriver_wrench-24.gif]
[www.google.com/images/icons/product/goog411-32.png]
[ssl.gstatic.com/ui/v1/activityindicator/offline.png]
[ssl.gstatic.com/ui/v1/icons/common/x_8px.png]
[ssl.gstatic.com/ui/v1/menu/checkmark-partial.png]
[ssl.gstatic.com/ui/v1/menu/checkmark.png]
[ssl.gstatic.com/ui/v1/colorpicker/checkmark.png]
[ssl.gstatic.com/ui/v1/countrypicker/flags.png]
[ssl.gstatic.com/s2/profiles/images/Close.gif]
[ssl.gstatic.com/ui/v1/dialog/close-x.png]
[ssl.gstatic.com/ui/v1/disclosure/small-grey-disclosure-arrow-down.png]
[ssl.gstatic.com/ui/v1/disclosure/small-grey-disclosure-arrow-up-down.png]
[ssl.gstatic.com/ui/v1/menu/tristate-unchecked.png]
[ssl.gstatic.com/ui/v1/menu/tristate-partial.png]
[ssl.gstatic.com/ui/v1/menu/tristate-checked.png]
[ssl.gstatic.com/ui/v1/zippy/arrow_down.png]
[ssl.gstatic.com/ui/v1/zippy/arrow_right.png]
[ssl.gstatic.com/ui/v1/disclosure/light-grey-disclosure-arrow-down.png]
[ssl.gstatic.com/ui/v1/disclosure/dark-grey-disclosure-arrow-down.png]
[ssl.gstatic.com/ui/v1/disclosure/grey-disclosure-arrow-up-down.png]
[ssl.gstatic.com/ui/v1/radiobutton/unchecked.png]
[ssl.gstatic.com/ui/v1/radiobutton/checked.png]
[ssl.gstatic.com/ui/v1/rating/rating-blank.png]
[ssl.gstatic.com/ui/v1/rating/rating-half.png]
[ssl.gstatic.com/ui/v1/rating/rating-full.png]
[ssl.gstatic.com/ui/v1/slider/rangehighlight-active-gray.png]
[ssl.gstatic.com/ui/v1/star/star4.png]
[ssl.gstatic.com/ui/v1/star/star-hover4.png]
[ssl.gstatic.com/ui/v1/star/star-active4.png]
[ssl.gstatic.com/ui/v1/star/star-lit4.png]
[ssl.gstatic.com/ui/v1/star/star-lit-hover4.png]
[ssl.gstatic.com/ui/v1/star/star-lit-active4.png]
[www.google.com/help/hc/images/adwords/question_mark.jpg]
[www.google.com/help/hc/images/adwords/question_mark_rtl.jpg]
[www.google.com/help/hc/images/adwords/question_mark_over.jpg]
[www.google.com/help/hc/images/adwords/question_mark_over_rtl.jpg]
[www.google.com/help/hc/images/adwords/awr_popout.png]
[www.google.com/help/hc/images/adwords/awr_mag_small.png]
[www.google.com/help/hc/images/adwords/awr_phone.png]
[www.google.com/help/hc/images/adwords/awr_email.png]
[www.google.com/help/hc/images/adwords/awr_chat.png]
[www.google.com/help/hc/images/adwords/awr_essential_36.png]
[www.google.com/help/hc/images/adwords/awr_example_36.png]
[www.google.com/help/hc/images/adwords/awr_fact_36.png]
[www.google.com/help/hc/images/adwords/awr_tip_36.png]
[www.google.com/help/hc/images/hc_icon_arrow_up_alt.png]
[www.google.com/help/hc/images/hc_icon_star.png]
[www.google.com/help/hc/images/hc_icon_arrow_down.png]
[ssl.gstatic.com/inproduct_help/helpwidgets/spin.gif]
[support.google.com/urchin45/bin/resource/all799c.css]
[accounts.google.com/ServiceLogin.d56df3.delayed]
[mail.google.com/mail/index.html]
[ssl.gstatic.com/accounts/ui/google-signin-flat.png]
[ssl.gstatic.com/images/logos/google_logo_41.png]
[accounts.google.com/NewAccount8ef0.html]
[accounts.google.com/RecoverAccount.d98a04.delayed]
[www.google.com/accounts/recovery34f9.html]
[www.google.com/intl/en/images/icons/product/calendar-42.png]
[www.google.com/intl/en/images/icons/feature/mobile_phone-42.gif]
[www.google.com/intl/en/images/icons/feature/alert-b42.png]
[www.google.com/apps/intl/en/business/calendar.html]
[accounts.google.com/ServiceLogin1da0.html]
[www.google.com/intl/en/googlecalendar/program_policies.html]
[docs.google.com/index.html]
[docs.google.com/'https__/www.google.com/accounts/ServiceLogin.e137ed.delayed]
[docs.google.com/index.html]
[accounts.google.com/NewAccountf379.html]
[accounts.google.com/RecoverAccount.e38adb.delayed]
[www.google.com/accounts/recoveryb11b.html]
[picasaweb.google.com/lh/explore.html]
[accounts.google.com/lh2/feed-icon.gif]
[accounts.google.com/lh2/photo_icon.gif]
[accounts.google.com/TOSfef7.html]
[feeds.feedburner.com/GooglePicasaBloghtml.html]
[picasa.google.com/support/bin/answer.ebe501.delayed]
[support.google.com/picasa/bin/answer.ec6cd9.delayed]
[ajax.googleapis.com/ajax/services/feed/loadbe6chtml.html]
[accounts.google.com/ServiceLogin964b.html]
[sites.google.com/index.html]
[www.google.com/a/UniversalLogin.eef50a.delayed]
[sites.google.com/index.html]
[groups.google.com/grphpfef7.html]
[schema.org/WebPage.html]
[www.google.com/images/google_favicon_128.png]
[www.google.com/images/srpr/nav_logo80.png]
[www.google.com/imghp5881.html]
[maps.google.com/mapsff05.html]
[www.google.com/shopping4977.html]
[news.google.com/nwshp0ed9.html]
[www.google.com/history/optoutfef7.html]
[www.google.com/igf050.html]
[www.google.com/preferencesfef7.html]
[www.google.com/intl/en_ALL/images/srpr/logo1w.png]
[www.google.com/advanced_searchfef7.html]
[www.google.com/language_toolsfef7.html]
[accounts.google.com/ServiceLogin3b43.html]
[www.google.com/culturalinstitute/nelson.html]
[plus.google.com/116899029375914044550.html]
[www.google.com/intl/en/about/index.html]
[www.google.com/extern_js/f/CgJlbiAAKzBFOAAsKzBaOAAsKzAOOAAsKzAXOAAsKzA8OAAsKzBROAAsKzAKOACaAgJoZSwrMJgBOAAsKzAWOAAsKzAZOAAsKzBBOAAsKzBNOAAsKzBOOAAsKzBUOAAsKzBpOAAsKzCQATgALCswkgE4ACwrMKwBOAAsKzDVATgALCsw2AE4ACwrMBg4ACwrMCY4ACyAAlCQAm4/bme98GsXO0U.js]
[www.google.com/webhpfef7.html]
[www.google.com/intl/en/about/products/index.html]
[www.google.com/intl/en/options/index.html]
[accounts.google.com/RecoverAccount.10560d8.delayed]
[www.google.com/accounts/recovery9533.html]
[www.gstatic.com/accounts/services/default/googlemail.png]
[ssl.gstatic.com/images/icons/feature/search-b42.png]
[www.gstatic.com/accounts/services/default/homepage.png]
[www.google.com/intl/en/services/hp/index.html]
[www.google.com/intl/en/landing/accounts/index.html]
[www.google.com/support/accounts.10cfef7.delayed]
[accounts.google.com/ServiceLoginc779.html]
[support.google.com/urchin45/index.html]
[support.google.com/urchin45/index.html]
[www.google.com/jsapi351ahtml.html]
[accounts.google.com/SignUp46aa.html]
[secure.urchin.com/helpwiki/images/google_sm.gif]
[www.google.com/urchin/support_policies.html]
[www.google.com/urchin/eula.html]
[secure.urchin.com/helpwiki/en/Help_Center.html]
[www.google.com/urchin/index.html]
[www.google.com/urchin/features.html]
[www.google.com/accounts/ServiceLogin.1293b5f.delayed]
[support.google.com/urchin45/bin/topic.12b743b.delayed]
[support.google.com/urchin45/bin/topic2131.html]
[accounts.google.com/ServiceLogin3b5f.html]
[support.google.com/urchin45/bin/topic.12dc9ef.delayed]
[support.google.com/urchin45/bin/topic4942.html]
[support.google.com/urchin45/bin/topic629b.html]
[support.google.com/urchin45/bin/topic7564.html]
[support.google.com/urchin45/bin/topicd908.html]
[support.google.com/urchin45/bin/topic934c.html]
[support.google.com/urchin45/bin/answerc86f.html]
[support.google.com/urchin45/bin/topicbd7d.html]
[support.google.com/urchin45/bin/topicb941.html]
[support.google.com/urchin45/bin/answer624d.html]
[support.google.com/urchin45/bin/topic2b91.html]
[support.google.com/urchin45/bin/topic876a.html]
[support.google.com/urchin45/bin/answer69a6.html]
[support.google.com/urchin45/bin/topic01a5.html]
[support.google.com/urchin45/bin/topic6322.html]
[support.google.com/urchin45/bin/answerf9d2.html]
[support.google.com/urchin45/bin/topic7c6f.html]
[support.google.com/urchin45/bin/topic55b1.html]
[support.google.com/urchin45/bin/answerd885.html]
[support.google.com/urchin45/bin/topic1008.html]
[support.google.com/urchin45/bin/topicac20.html]
[support.google.com/urchin45/bin/answerf26a.html]
[support.google.com/urchin45/bin/topicace9.html]
[support.google.com/urchin45/bin/topic75a7.html]
[support.google.com/urchin45/bin/topicf851.html]
[www.google.com/accounts/ServiceLogin.1456bf5.delayed]
[support.google.com/urchin45/bin/topic6bae.html]
[support.google.com/urchin45/bin/topicaee3.html]
[accounts.google.com/ServiceLogin6bf5.html]
[support.google.com/urchin45/bin/topic2c44.html]
[support.google.com/urchin45/bin/answer1e76.html]
[support.google.com/urchin45/bin/answerf2a0.html]
[support.google.com/urchin45/bin/topicabfb.html]
[support.google.com/urchin45/bin/topicfad6.html]
[support.google.com/urchin45/bin/answerede4.html]
[support.google.com/urchin45/bin/answer8450.html]
[support.google.com/urchin45/bin/topic104c.html]
[support.google.com/urchin45/bin/answerd761.html]
[support.google.com/urchin45/bin/topic5609.html]
[support.google.com/urchin45/bin/topic46ab.html]
[support.google.com/urchin45/bin/answer1699.html]
[support.google.com/urchin45/bin/topic43fe.html]
[support.google.com/urchin45/bin/topicd560.html]
[support.google.com/urchin45/bin/answera9d0.html]
[support.google.com/urchin45/bin/topicd61c.html]
[support.google.com/urchin45/bin/topic61dc.html]
[www.google.com/accounts/ServiceLogin.159e346.delayed]
[support.google.com/urchin45/bin/topic17b5.html]
[support.google.com/urchin45/bin/topicf59a.html]
[accounts.google.com/ServiceLogine346.html]
[support.google.com/urchin45/bin/topicdc3f.html]
[support.google.com/urchin45/bin/topic60af.html]
[support.google.com/urchin45/bin/topic1576.html]
[support.google.com/urchin45/bin/topic0910.html]
[support.google.com/urchin45/bin/topic0e11.html]
[support.google.com/urchin45/bin/answer3561.html]
[support.google.com/urchin45/bin/topic1e68.html]
[support.google.com/urchin45/bin/answerc501.html]
[support.google.com/urchin45/bin/topic3f15.html]
[support.google.com/urchin45/bin/answer227b.html]
[support.google.com/urchin45/bin/topic0d8b.html]
[support.google.com/urchin45/bin/answerbd62.html]
[support.google.com/urchin45/bin/answer08d8.html]
[support.google.com/urchin45/bin/topicc68a.html]
[support.google.com/urchin45/bin/answer6f93.html]
[support.google.com/urchin45/bin/topic2aac.html]
[support.google.com/urchin45/bin/topic292b.html]
[support.google.com/urchin45/bin/topic1aa3.html]
[www.google.com/accounts/ServiceLogin.16e549e.delayed]
[support.google.com/urchin45/bin/topicef0f.html]
[support.google.com/urchin45/bin/answerf245.html]
[accounts.google.com/ServiceLogin549e.html]
[support.google.com/urchin45/bin/answerb9d1.html]
[support.google.com/urchin45/bin/topic188b.html]
[support.google.com/urchin45/bin/topic6148.html]
[support.google.com/urchin45/bin/answer6ce1.html]
[support.google.com/urchin45/bin/answer1a36.html]
[support.google.com/urchin45/bin/answerdaee.html]
[support.google.com/urchin45/bin/topic344f.html]
[support.google.com/urchin45/bin/topic21d1.html]
[support.google.com/urchin45/bin/answerd43f.html]
[www.google.com/accounts/ServiceLogin.17a03af.delayed]
[support.google.com/urchin45/bin/topica280.html]
[support.google.com/urchin45/bin/answercab7.html]
[accounts.google.com/ServiceLogin03af.html]
[support.google.com/urchin45/bin/topicbbde.html]
[support.google.com/urchin45/bin/answer6b9f.html]
[support.google.com/urchin45/bin/answerddbc.html]
[support.google.com/urchin45/bin/topicdea1.html]
[support.google.com/urchin45/bin/answere8ff.html]
[support.google.com/urchin45/bin/answer82f4.html]
[support.google.com/urchin45/bin/topic3acb.html]
[support.google.com/urchin45/bin/answera16a.html]
[www.google.com/accounts/ServiceLogin.18532cf.delayed]
[support.google.com/urchin45/bin/answer6dfc.html]
[accounts.google.com/ServiceLogin32cf.html]
[support.google.com/urchin45/bin/answer6c61.html]
[support.google.com/urchin45/bin/answerb302.html]
[support.google.com/urchin45/bin/topic3185.html]
[support.google.com/urchin45/bin/answer122b.html]
[support.google.com/urchin45/bin/topic91ee.html]
[support.google.com/urchin45/bin/answer7bca.html]
[support.google.com/urchin45/bin/answer3d01.html]
[support.google.com/urchin45/bin/topic2c48.html]
[support.google.com/urchin45/bin/answerb8b1.html]
[www.google.com/accounts/ServiceLogin.190161b.delayed]
[support.google.com/urchin45/bin/topice946.html]
[accounts.google.com/ServiceLogin161b.html]
[support.google.com/urchin45/bin/topic1d0b.html]
[support.google.com/urchin45/bin/topic8054.html]
[support.google.com/urchin45/bin/topic41ef.html]
[support.google.com/urchin45/bin/topicfabe.html]
[support.google.com/urchin45/bin/answer8994.html]
[support.google.com/urchin45/bin/answerfa19.html]
[support.google.com/urchin45/bin/answer2c4c.html]
[support.google.com/urchin45/bin/topicb731.html]
[support.google.com/urchin45/bin/answerc3cd.html]
[support.google.com/urchin45/bin/answer974e.html]
[support.google.com/urchin45/bin/topic9886.html]
[support.google.com/urchin45/bin/answerc8c6.html]
[www.google.com/accounts/ServiceLogin.19e360c.delayed]
[support.google.com/urchin45/bin/topic6ad1.html]
[support.google.com/urchin45/bin/answerd507.html]
[accounts.google.com/ServiceLogin360c.html]
[support.google.com/urchin45/bin/answer35a1.html]
[support.google.com/urchin45/bin/answer4e9e.html]
[support.google.com/urchin45/bin/topicd803.html]
[support.google.com/urchin45/bin/topic34f9.html]
[support.google.com/urchin45/bin/answerb309.html]
[support.google.com/urchin45/bin/answercf4f.html]
[support.google.com/urchin45/bin/answer262b.html]
[support.google.com/urchin45/bin/topic9c26.html]
[support.google.com/urchin45/bin/topic8fa7.html]
[www.google.com/accounts/ServiceLogin.1aa16ab.delayed]
[support.google.com/urchin45/bin/topic4217.html]
[accounts.google.com/ServiceLogin16ab.html]
[support.google.com/urchin45/bin/topic8282.html]
[support.google.com/urchin45/bin/topic072c.html]
[support.google.com/urchin45/bin/topic57ca.html]
[support.google.com/urchin45/bin/topicad31.html]
[support.google.com/urchin45/bin/topic295c.html]
[support.google.com/urchin45/bin/answer982d.html]
[support.google.com/urchin45/bin/topicdba2.html]
[support.google.com/urchin45/bin/answer99a1.html]
[support.google.com/urchin45/bin/topic834f.html]
[support.google.com/urchin45/bin/answer36f0.html]
[support.google.com/urchin45/bin/answer807a.html]
[support.google.com/urchin45/bin/answer2f2b.html]
[support.google.com/urchin45/bin/topic6f55.html]
[support.google.com/urchin45/bin/topic7698.html]
[support.google.com/urchin45/bin/answer3746.html]
[www.google.com/accounts/ServiceLogin.1bb6ee9.delayed]
[support.google.com/urchin45/bin/topicfd31.html]
[accounts.google.com/ServiceLogin6ee9.html]
[support.google.com/urchin45/bin/topic5b29.html]
[support.google.com/urchin45/bin/topicdd20.html]
[support.google.com/urchin45/bin/topiccad2.html]
[support.google.com/urchin45/bin/answere64c.html]
[support.google.com/urchin45/bin/answer11da.html]
[support.google.com/urchin45/bin/answera4ec.html]
[support.google.com/urchin45/bin/answera935.html]
[support.google.com/urchin45/bin/answerd71f.html]
[support.google.com/urchin45/bin/topic28b6.html]
[support.google.com/urchin45/bin/topicf468.html]
[support.google.com/urchin45/bin/answer129b.html]
[www.google.com/accounts/ServiceLogin.1c8c0b6.delayed]
[support.google.com/urchin45/bin/topic5329.html]
[accounts.google.com/ServiceLoginc0b6.html]
[support.google.com/urchin45/bin/topic79ab.html]
[support.google.com/urchin45/bin/answer47ec.html]
[support.google.com/urchin45/bin/answer3b58.html]
[support.google.com/urchin45/bin/answer7195.html]
[support.google.com/urchin45/bin/answer8651.html]
[support.google.com/urchin45/bin/answer18e4.html]
[support.google.com/urchin45/bin/answer2820.html]
[support.google.com/urchin45/bin/topicdd40.html]
[support.google.com/urchin45/bin/answer8bc7.html]
[www.google.com/accounts/ServiceLogin.1d3cb7d.delayed]
[support.google.com/urchin45/bin/topic5cf0.html]
[accounts.google.com/ServiceLogincb7d.html]
[support.google.com/urchin45/bin/topic89e0.html]
[support.google.com/urchin45/bin/topice1a7.html]
[support.google.com/urchin45/bin/topicc131.html]
[support.google.com/urchin45/bin/topic7dba.html]
[support.google.com/urchin45/bin/topic802f.html]
[support.google.com/urchin45/bin/answerfa34.html]
[support.google.com/urchin45/bin/answer222c.html]
[support.google.com/urchin45/bin/answer39ea.html]
[support.google.com/urchin45/bin/answer8ad1.html]
[support.google.com/urchin45/bin/answer14c1.html]
[support.google.com/urchin45/bin/answerfbb6.html]
[support.google.com/urchin45/bin/answera38e.html]
[support.google.com/urchin45/bin/topic787a.html]
[support.google.com/urchin45/bin/answer689e.html]
[www.google.com/accounts/ServiceLogin.1e355b9.delayed]
[support.google.com/urchin45/bin/topic7394.html]
[support.google.com/urchin45/bin/answerda34.html]
[accounts.google.com/ServiceLogin55b9.html]
[support.google.com/urchin45/bin/answer2bdb.html]
[support.google.com/urchin45/bin/answerdc8a.html]
[support.google.com/urchin45/bin/answer5cad.html]
[support.google.com/urchin45/bin/answerf8cd.html]
[support.google.com/urchin45/bin/topicf9d6.html]
[support.google.com/urchin45/bin/answer9b04.html]
[www.google.com/accounts/ServiceLogin.1ecdda9.delayed]
[support.google.com/urchin45/bin/topicf5dc.html]
[support.google.com/urchin45/bin/topic364d.html]
[accounts.google.com/ServiceLogindda9.html]
[support.google.com/urchin45/bin/topicb9da.html]
[support.google.com/urchin45/bin/topic3524.html]
[support.google.com/urchin45/bin/topicccb2.html]
[support.google.com/urchin45/bin/topic847f.html]
[support.google.com/urchin45/bin/topic9bd5.html]
[support.google.com/urchin45/bin/topic5cc9.html]
[support.google.com/urchin45/bin/answered5b.html]
[support.google.com/urchin45/bin/topic0411.html]
[support.google.com/urchin45/bin/answere948.html]
[support.google.com/urchin45/bin/answer9260.html]
[support.google.com/urchin45/bin/answer4fcb.html]
[support.google.com/urchin45/bin/answerfb82.html]
[support.google.com/urchin45/bin/topicc643.html]
[support.google.com/urchin45/bin/answerb9f6.html]
[www.google.com/accounts/ServiceLogin.1fdf4a1.delayed]
[support.google.com/urchin45/bin/topic2682.html]
[support.google.com/urchin45/bin/answerb36c.html]
[accounts.google.com/ServiceLoginf4a1.html]
[support.google.com/urchin45/bin/answerf7d2.html]
[support.google.com/urchin45/bin/answera00d.html]
[support.google.com/urchin45/bin/answer8995.html]
[support.google.com/urchin45/bin/answeref74.html]
[support.google.com/urchin45/bin/topic93f3.html]
[support.google.com/urchin45/bin/answerdba5.html]
[www.google.com/accounts/ServiceLogin.206ac21.delayed]
[support.google.com/urchin45/bin/topic4de4.html]
[accounts.google.com/ServiceLoginac21.html]
[support.google.com/urchin45/bin/topicb12d.html]
[support.google.com/urchin45/bin/topice42f.html]
[support.google.com/urchin45/bin/topic8e87.html]
[support.google.com/urchin45/bin/topicc134.html]
[support.google.com/urchin45/bin/topic0b51.html]
[support.google.com/urchin45/bin/answerc6f2.html]
[support.google.com/urchin45/bin/answer3c08.html]
[support.google.com/urchin45/bin/answerc9a3.html]
[support.google.com/urchin45/bin/answer0175.html]
[support.google.com/urchin45/bin/answer90c2.html]
[support.google.com/urchin45/bin/topic0e39.html]
[support.google.com/urchin45/bin/answerb5c5.html]
[www.google.com/accounts/ServiceLogin.214213e.delayed]
[www.google.com/support/bin/answer.216af20.delayed]
[accounts.google.com/ServiceLogin213e.html]
[support.google.com/urchin45/bin/requestdefc.html]
[support.google.com/bin/answeraf20.html]
[support.google.com/urchin45/bin/answer9ad4.html]
[www.google.com/accounts/ServiceLogin.219389a.delayed]
[accounts.google.com/ServiceLogin389a.html]
[support.google.com/urchin45/bin/topic.21b6456.delayed]
[support.google.com/urchin45/bin/topic.21cefd2.delayed]
[support.google.com/urchin45/bin/answer5364.html]
[support.google.com/urchin45/bin/answerc19f.html]
[support.google.com/urchin45/bin/topic1572.html]
[support.google.com/urchin45/bin/answere228.html]
[support.google.com/urchin45/bin/answer74cc.html]
[support.google.com/urchin45/bin/answer4e6f.html]
[support.google.com/urchin45/bin/answer6dcd.html]
[support.google.com/urchin45/bin/answerd4c3.html]
[www.google.com/sidewiki/static/sidebar_element/sidebar-element-compiled.js]
[www.google.com/accounts/ServiceLogin.226dad8.delayed]
[accounts.google.com/ServiceLogindad8.html]
[support.google.com/urchin45/bin/topic.2284555.delayed]
[www.google.com/analytics/hc/images_/leadtoconversion.gif]
[www.google.com/analytics/hc/images_/utm_to_log.jpg]
[www.google.com/analytics/hc/images_/update_udb.jpg]
[www.google.com/analytics/hc/images_/rpt_placeholder56.gif]
[support.google.com/urchin45/bin/answer6b69.html]
[support.google.com/urchin45/bin/answer7246.html]
[support.google.com/urchin45/bin/answer8c40.html]
[support.google.com/urchin45/bin/topic2cec.html]
[support.google.com/urchin45/bin/answer1387.html]
[support.google.com/urchin45/bin/answer5f2e.html]
[support.google.com/urchin45/bin/answer5a40.html]
[support.google.com/urchin45/bin/answer3888.html]
[support.google.com/urchin45/bin/answer30b4.html]
[www.google.com/accounts/ServiceLogin.236b20c.delayed]
[support.google.com/urchin45/bin/topic.2381047.delayed]
[support.google.com/urchin45/bin/topic.2395f49.delayed]
[accounts.google.com/ServiceLoginb20c.html]
[support.google.com/urchin45/bin/answer0bfc.html]
[support.google.com/urchin45/bin/answerf2d4.html]
[support.google.com/urchin45/bin/answerd255.html]
[support.google.com/urchin45/bin/answerf42a.html]
[support.google.com/urchin45/bin/answerbf51.html]
[support.google.com/urchin45/bin/answereffc.html]
[support.google.com/urchin45/bin/answera279.html]
[support.google.com/urchin45/bin/answer4bc2.html]
[www.google.com/accounts/ServiceLogin.2412196.delayed]
[accounts.google.com/ServiceLogin2196.html]
[support.google.com/urchin45/bin/topic.2434736.delayed]
[support.google.com/urchin45/bin/topic.2442fca.delayed]
[www.google.com/analytics/hc/images_/filter_decodeurl5.gif]
[support.google.com/urchin45/bin/answer8844.html]
[support.google.com/urchin45/bin/answer9c40.html]
[support.google.com/urchin45/bin/answerde60.html]
[support.google.com/urchin45/bin/answer1671.html]
[support.google.com/urchin45/bin/answerc59d.html]
[support.google.com/urchin45/bin/answerea2e.html]
[support.google.com/urchin45/bin/answer108a.html]
[support.google.com/urchin45/bin/answerbd6b.html]
[www.google.com/accounts/ServiceLogin.24dbf99.delayed]
[accounts.google.com/ServiceLoginbf99.html]
[www.google.com/support/urchin45/bin/answer.24f9ad8.delayed]
[support.google.com/urchin45/bin/answer.250872d.delayed]
[support.google.com/urchin45/bin/answereb55.html]
[www.google.com/support/urchin45/bin/answer.252027a.delayed]
[support.google.com/urchin45/bin/answer.2534ebf.delayed]
[support.google.com/urchin45/bin/answer39dd.html]
[www.google.com/support/urchin45/bin/answer.255e910.delayed]
[support.google.com/urchin45/bin/answer.256ba49.delayed]
[support.google.com/urchin45/bin/answer4063.html]
[www.google.com/support/urchin45/bin/answer.2586970.delayed]
[support.google.com/urchin45/bin/answer.25915f1.delayed]
[support.google.com/urchin45/bin/answer1dd6.html]
[www.google.com/support/urchin45/bin/answer.25b5fc8.delayed]
[support.google.com/urchin45/bin/answer.25cf68b.delayed]
[support.google.com/urchin45/bin/answer228f.html]
[www.google.com/support/urchin45/bin/answer.25eff2e.delayed]
[support.google.com/urchin45/bin/answer.25facbb.delayed]
[www.google.com/support/urchin45/bin/answer.260b7b1.delayed]
[support.google.com/urchin45/bin/answer.2617ef1.delayed]
[support.google.com/urchin45/bin/answerd63e.html]
[www.google.com/support/urchin45/bin/answer.2633ca1.delayed]
[support.google.com/urchin45/bin/answer.2642d13.delayed]
[support.google.com/urchin45/bin/answerc0fe.html]
[www.google.com/support/urchin45/bin/answer.2660cec.delayed]
[support.google.com/urchin45/bin/answer.267bc6a.delayed]
[support.google.com/urchin45/bin/answer5a95.html]
[www.google.com/support/urchin45/bin/answer.269bb2f.delayed]
[support.google.com/urchin45/bin/answer.26a8f79.delayed]
[support.google.com/urchin45/bin/answer2fbb.html]
[www.google.com/support/urchin45/bin/answer.26ce64d.delayed]
[support.google.com/urchin45/bin/answer.26d61b0.delayed]
[support.google.com/urchin45/bin/answer.26eba0b.delayed]
[www.google.com/support/urchin45/bin/answer.26f75a1.delayed]
[support.google.com/urchin45/bin/answer.270f573.delayed]
[support.google.com/urchin45/bin/answer.271249b.delayed]
[www.google.com/support/urchin45/bin/answer.27245ca.delayed]
[support.google.com/urchin45/bin/answer.273899e.delayed]
[support.google.com/urchin45/bin/answer.274cfdb.delayed]
[www.google.com/support/urchin45/bin/answer.2750f85.delayed]
[support.google.com/urchin45/bin/answer.2765d93.delayed]
[support.google.com/urchin45/bin/answerf8c8.html]
[www.google.com/support/urchin45/bin/answer.278b6bc.delayed]
[support.google.com/urchin45/bin/answer.279052e.delayed]
[support.google.com/urchin45/bin/answercff7.html]
[www.google.com/support/urchin45/bin/answer.27b42b6.delayed]
[support.google.com/urchin45/bin/answer.27c1fd1.delayed]
[support.google.com/urchin45/bin/answera9fb.html]
[www.google.com/support/urchin45/bin/answer.27e2ed3.delayed]
[support.google.com/urchin45/bin/answer.27f9c98.delayed]
[support.google.com/urchin45/bin/answercee5.html]
[www.google.com/support/urchin45/bin/answer.2811596.delayed]
[support.google.com/urchin45/bin/answer.282b788.delayed]
[support.google.com/urchin45/bin/answer9f9d.html]
[www.google.com/support/urchin45/bin/answer.28401a5.delayed]
[support.google.com/urchin45/bin/answer.2859030.delayed]
[support.google.com/urchin45/bin/answercee4.html]
[www.google.com/support/urchin45/bin/answer.287bc4e.delayed]
[support.google.com/urchin45/bin/answer.2887e93.delayed]
[support.google.com/urchin45/bin/answera38a.html]
[support.google.com/urchin45/bin/answer5343.html]
[support.google.com/urchin45/bin/answer40fe.html]
[support.google.com/urchin45/bin/answeref0c.html]
[support.google.com/urchin45/bin/answer7f5d.html]
[support.google.com/urchin45/bin/answer9799.html]
[support.google.com/urchin45/bin/answer8c4d.html]
[support.google.com/urchin45/bin/answerea5c.html]
[www.google.com/accounts/ServiceLogin.2901d63.delayed]
[support.google.com/urchin45/bin/topic.292c449.delayed]
[accounts.google.com/ServiceLogin1d63.html]
[www.google.com/analytics/hc/images_/visitor_model.gif]
[www.google.com/analytics/hc/images_/visitor_proxy.gif]
[support.google.com/urchin45/bin/answer1cc0.html]
[support.google.com/urchin45/bin/answerc55a.html]
[support.google.com/urchin45/bin/answer00c4.html]
[support.google.com/urchin45/bin/answer24c3.html]
[support.google.com/urchin45/bin/answer7357.html]
[support.google.com/urchin45/bin/answerc375.html]
[support.google.com/urchin45/bin/answer4734.html]
[www.urchin.com/index.html]
[www.google.com/accounts/ServiceLogin.29bc301.delayed]
[support.google.com/urchin45/bin/request.html]
[www.google.com/support/indexfef7.html]
[www.google.com/support/indexfef7.html]
[www.google.com/intl/en/index.html]
[accounts.google.com/ServiceLoginc301.html]
[www.google.com/intl/en/policies/privacy/index.html]
[www.google.com/js/gweb/analytics/autotrack.js]
[www.google.com/support/websearch/bin/answer.2a098cd.delayed]
[support.google.com/bin/static.2a169f7.delayed]
[support.google.com/bin/static7ce3.html]
[support.google.com/accounts/bin/answerfc16.html]
[www.google.com/settings/ads/preferences.2a4fef7.delayed]
[support.google.com/accounts/bin/answer5738.html]
[support.google.com/plus/bin/staticc672.html]
[support.google.com/a/bin/answerc7ed.html]
[support.google.com/websearch/bin/answer.2a8d4c3.delayed]
[support.google.com/websearch/bin/answer8707.html]
[support.google.com/accounts/bin/static.2aa8344.delayed]
[www.google.com/chrome/intl/en/more/security.html]
[support.google.com/accounts/bin/answer847c.html]
[www.google.com/chrome/intl/en/privacy.html]
[books.google.com/intl/en/googlebooks/privacy.html]
[www.google.com/intl/en/policies/privacy/index.html]
[wallet.google.com/files/privacyfef7.html]
[www.google.de/intl/en/policies/terms/index.html]
[www.google.de/intl/en/policies/terms/regional.html]
[www.google.de/intl/en/policies/terms/index.html]
[www.google.com/favicon.ico]
[www.google.com/sidewiki/intl/en/images/icon_yellowbubble.html]
[fonts.googleapis.com/cssd2d5.css]
[ssl.gstatic.com/ui/v1/menu/checkmark-partial.png]
[ssl.gstatic.com/ui/v1/menu/tristate-partial.png]
[ssl.gstatic.com/ui/v1/disclosure/light-grey-disclosure-arrow-down.png]
[ssl.gstatic.com/ui/v1/rating/rating-blank.png]
[ssl.gstatic.com/ui/v1/star/star4.png]
[ssl.gstatic.com/ui/v1/star/star-lit-active4.png]
[ssl.gstatic.com/inproduct_help/helpwidgets/spin.gif]
[accounts.google.com/ServiceLogin6df3.html]
[ssl.gstatic.com/accounts/ui/google-signin-flat.png]
[ssl.gstatic.com/images/logos/google_logo_41.png]
[accounts.google.com/NewAccount8ef0.html]
[www.google.com/accounts/recovery34f9.html]
[www.google.com/intl/en/googlecalendar/about.html]
[www.google.com/apps/intl/en/business/calendar.html]
[www.google.com/intl/en/googlecalendar/program_policies.html]
[www.google.com/intl/en/policies/terms/index.html]
[www.google.com/intl/en/policies/terms/index.html]
[docs.google.com/'https__/www.google.com/accounts/ServiceLogin37ed.html]
[accounts.google.com/NewAccountf379.html]
[www.google.com/accounts/recoveryb11b.html]
[picasa.google.com/index.html]
[picasa.google.com/index.html]
[picasaweb.google.com/lh/explore.html]
[googlephotos.blogspot.com/index.html]
[googlephotos.blogspot.com/index.html]
[picasa.google.com/linux/index.html]
[accounts.google.com/TOSfef7.html]
[www.google.com/intl/en/privacy/index.html]
[picasa.google.com/support/indexfef7.html]
[support.google.com/picasa/bin/answer6cd9.html]
[www.google.com/a/UniversalLoginf50a.html]
[schema.org/WebPage.html]
[www.google.com/imghp5881.html]
[video.google.com/index7d95.html]
[maps.google.com/mapsff05.html]
[news.google.com/nwshp0ed9.html]
[www.google.com/shopping4977.html]
[mail.google.com/mail/index10ab.html]
[www.google.com/igf050.html]
[www.google.com/history/optoutfef7.html]
[www.google.com/preferencesfef7.html]
[accounts.google.com/ServiceLogin3b43.html]
[www.google.com/advanced_searchfef7.html]
[www.google.com/language_toolsfef7.html]
[www.google.com/culturalinstitute/nelson.html]
[www.google.com/intl/en/ads/index.html]
[www.google.com/intl/en/ads/index.html]
[www.google.com/services/index.html]
[www.google.com/services/index.html]
[plus.google.com/116899029375914044550.html]
[www.google.com/intl/en/about/index.html]
[www.google.de/index.html]
[www.google.de/index.html]
[www.google.com/intl/en/policies/index.html]
[www.google.com/intl/en/policies/index.html]
[www.google.com/intl/en/about/products/index.html]
[accounts.google.com/SignUp46aa.html]
[www.google.com/accounts/recovery9533.html]
[www.google.com/intl/en/services/hp/index.html]
[www.google.com/intl/en/landing/accounts/index.html]
[www.google.com/support/accounts/indexfef7.html]
[secure.urchin.com/helpwiki/assets/helpwiki.js]
[secure.urchin.com/helpwiki/assets/common.css]
[secure.urchin.com/helpwiki/assets/screen.css]
[secure.urchin.com/helpwiki/assets/print.css]
[secure.urchin.com/helpwiki/assets/projection.css]
[secure.urchin.com/helpwiki/en/Installation_and_Upgrades.html]
[secure.urchin.com/helpwiki/en/Initial_Configuration.html]
[secure.urchin.com/helpwiki/en/Overview.html]
[secure.urchin.com/helpwiki/en/Tracking_Campaigns.html]
[secure.urchin.com/helpwiki/en/Ecommerce.html]
[www.google.com/urchin/support_policies.html]
[www.google.com/urchin/eula.html]
[www.google.com/support/urchin45/index.html]
[secure.urchin.com/helpwiki/en/Cost_per_Click_(CPC)_Data.html]
[secure.urchin.com/helpwiki/en/Profiles.html]
[secure.urchin.com/helpwiki/en/Log_Files.html]
[secure.urchin.com/helpwiki/en/Filtering.html]
[secure.urchin.com/helpwiki/en/Users_&_Groups.html]
[secure.urchin.com/helpwiki/en/Scheduling.html]
[secure.urchin.com/helpwiki/en/Visitor_Identification_Methods.html]
[secure.urchin.com/helpwiki/en/Subdomains_and_Multiple_Domains.html]
[secure.urchin.com/helpwiki/en/Downloads_and_Events.html]
[secure.urchin.com/helpwiki/en/Interface_Features_and_Settings.html]
[secure.urchin.com/helpwiki/en/Working_with_Reports.html]
[secure.urchin.com/helpwiki/en/Custom_Report_Reference.html]
[secure.urchin.com/helpwiki/en/Data_API.html]
[www.google.com/urchin/index.html]
[accounts.google.com/ServiceLogin3b5f.html]
[support.google.com/urchin45/bin/topic2131.html]
[support.google.com/urchin45/bin/topic4942.html]
[support.google.com/urchin45/bin/topic629b.html]
[support.google.com/urchin45/bin/topic7564.html]
[support.google.com/urchin45/bin/topicd908.html]
[support.google.com/urchin45/bin/topic934c.html]
[support.google.com/urchin45/bin/answerc86f.html]
[support.google.com/urchin45/bin/topicbd7d.html]
[support.google.com/urchin45/bin/topicb941.html]
[support.google.com/urchin45/bin/answer624d.html]
[support.google.com/urchin45/bin/topic2b91.html]
[support.google.com/urchin45/bin/topic876a.html]
[support.google.com/urchin45/bin/answer69a6.html]
[support.google.com/urchin45/bin/topic01a5.html]
[support.google.com/urchin45/bin/topic6322.html]
[support.google.com/urchin45/bin/answerf9d2.html]
[support.google.com/urchin45/bin/topic7c6f.html]
[support.google.com/urchin45/bin/topic55b1.html]
[support.google.com/urchin45/bin/answerd885.html]
[support.google.com/urchin45/bin/topic1008.html]
[support.google.com/urchin45/bin/topicac20.html]
[support.google.com/urchin45/bin/answerf26a.html]
[support.google.com/urchin45/bin/topicace9.html]
[support.google.com/urchin45/bin/topicf851.html]
[accounts.google.com/ServiceLogin6bf5.html]
[support.google.com/urchin45/bin/topic6bae.html]
[support.google.com/urchin45/bin/topicaee3.html]
[support.google.com/urchin45/bin/topic2c44.html]
[support.google.com/urchin45/bin/answer1e76.html]
[support.google.com/urchin45/bin/answerf2a0.html]
[support.google.com/urchin45/bin/topicabfb.html]
[support.google.com/urchin45/bin/topicfad6.html]
[support.google.com/urchin45/bin/answerede4.html]
[support.google.com/urchin45/bin/answer8450.html]
[support.google.com/urchin45/bin/topic104c.html]
[support.google.com/urchin45/bin/answerd761.html]
[support.google.com/urchin45/bin/topic5609.html]
[support.google.com/urchin45/bin/topic46ab.html]
[support.google.com/urchin45/bin/answer1699.html]
[support.google.com/urchin45/bin/topic43fe.html]
[support.google.com/urchin45/bin/topicd560.html]
[support.google.com/urchin45/bin/answera9d0.html]
[support.google.com/urchin45/bin/topic61dc.html]
[accounts.google.com/ServiceLogine346.html]
[support.google.com/urchin45/bin/topic17b5.html]
[support.google.com/urchin45/bin/topicf59a.html]
[support.google.com/urchin45/bin/topicdc3f.html]
[support.google.com/urchin45/bin/topic60af.html]
[support.google.com/urchin45/bin/topic1576.html]
[support.google.com/urchin45/bin/topic0910.html]
[support.google.com/urchin45/bin/topic0e11.html]
[support.google.com/urchin45/bin/answer3561.html]
[support.google.com/urchin45/bin/topic1e68.html]
[support.google.com/urchin45/bin/answerc501.html]
[support.google.com/urchin45/bin/topic3f15.html]
[support.google.com/urchin45/bin/answer227b.html]
[support.google.com/urchin45/bin/topic0d8b.html]
[support.google.com/urchin45/bin/answerbd62.html]
[support.google.com/urchin45/bin/answer08d8.html]
[support.google.com/urchin45/bin/topicc68a.html]
[support.google.com/urchin45/bin/answer6f93.html]
[support.google.com/urchin45/bin/topic2aac.html]
[support.google.com/urchin45/bin/topic1aa3.html]
[accounts.google.com/ServiceLogin549e.html]
[support.google.com/urchin45/bin/topicef0f.html]
[support.google.com/urchin45/bin/answerf245.html]
[support.google.com/urchin45/bin/answerb9d1.html]
[support.google.com/urchin45/bin/topic188b.html]
[support.google.com/urchin45/bin/topic6148.html]
[support.google.com/urchin45/bin/answer6ce1.html]
[support.google.com/urchin45/bin/answer1a36.html]
[support.google.com/urchin45/bin/answerdaee.html]
[support.google.com/urchin45/bin/topic344f.html]
[support.google.com/urchin45/bin/answerd43f.html]
[accounts.google.com/ServiceLogin03af.html]
[support.google.com/urchin45/bin/topica280.html]
[support.google.com/urchin45/bin/answercab7.html]
[support.google.com/urchin45/bin/topicbbde.html]
[support.google.com/urchin45/bin/answer6b9f.html]
[support.google.com/urchin45/bin/answerddbc.html]
[support.google.com/urchin45/bin/topicdea1.html]
[support.google.com/urchin45/bin/answere8ff.html]
[support.google.com/urchin45/bin/answer82f4.html]
[support.google.com/urchin45/bin/answera16a.html]
[accounts.google.com/ServiceLogin32cf.html]
[support.google.com/urchin45/bin/answer6dfc.html]
[support.google.com/urchin45/bin/answer6c61.html]
[support.google.com/urchin45/bin/answerb302.html]
[support.google.com/urchin45/bin/topic3185.html]
[support.google.com/urchin45/bin/answer122b.html]
[support.google.com/urchin45/bin/topic91ee.html]
[support.google.com/urchin45/bin/answer7bca.html]
[support.google.com/urchin45/bin/answer3d01.html]
[support.google.com/urchin45/bin/answerb8b1.html]
[accounts.google.com/ServiceLogin161b.html]
[support.google.com/urchin45/bin/topice946.html]
[support.google.com/urchin45/bin/topic1d0b.html]
[support.google.com/urchin45/bin/topic8054.html]
[support.google.com/urchin45/bin/topic41ef.html]
[support.google.com/urchin45/bin/topicfabe.html]
[support.google.com/urchin45/bin/answer8994.html]
[support.google.com/urchin45/bin/answerfa19.html]
[support.google.com/urchin45/bin/answer2c4c.html]
[support.google.com/urchin45/bin/topicb731.html]
[support.google.com/urchin45/bin/answerc3cd.html]
[support.google.com/urchin45/bin/answer974e.html]
[support.google.com/urchin45/bin/answerc8c6.html]
[accounts.google.com/ServiceLogin360c.html]
[support.google.com/urchin45/bin/topic6ad1.html]
[support.google.com/urchin45/bin/answerd507.html]
[support.google.com/urchin45/bin/answer35a1.html]
[support.google.com/urchin45/bin/answer4e9e.html]
[support.google.com/urchin45/bin/topicd803.html]
[support.google.com/urchin45/bin/topic34f9.html]
[support.google.com/urchin45/bin/answerb309.html]
[support.google.com/urchin45/bin/answercf4f.html]
[support.google.com/urchin45/bin/answer262b.html]
[support.google.com/urchin45/bin/topic8fa7.html]
[accounts.google.com/ServiceLogin16ab.html]
[support.google.com/urchin45/bin/topic4217.html]
[support.google.com/urchin45/bin/topic8282.html]
[support.google.com/urchin45/bin/topic072c.html]
[support.google.com/urchin45/bin/topic57ca.html]
[support.google.com/urchin45/bin/topicad31.html]
[support.google.com/urchin45/bin/topic295c.html]
[support.google.com/urchin45/bin/answer982d.html]
[support.google.com/urchin45/bin/topicdba2.html]
[support.google.com/urchin45/bin/answer99a1.html]
[support.google.com/urchin45/bin/topic834f.html]
[support.google.com/urchin45/bin/answer36f0.html]
[support.google.com/urchin45/bin/answer807a.html]
[support.google.com/urchin45/bin/answer2f2b.html]
[support.google.com/urchin45/bin/topic6f55.html]
[support.google.com/urchin45/bin/answer3746.html]
[accounts.google.com/ServiceLogin6ee9.html]
[support.google.com/urchin45/bin/topicfd31.html]
[support.google.com/urchin45/bin/topic5b29.html]
[support.google.com/urchin45/bin/topicdd20.html]
[support.google.com/urchin45/bin/topiccad2.html]
[support.google.com/urchin45/bin/answere64c.html]
[support.google.com/urchin45/bin/answer11da.html]
[support.google.com/urchin45/bin/answera4ec.html]
[support.google.com/urchin45/bin/answera935.html]
[support.google.com/urchin45/bin/answerd71f.html]
[support.google.com/urchin45/bin/topic28b6.html]
[support.google.com/urchin45/bin/answer129b.html]
[accounts.google.com/ServiceLoginc0b6.html]
[support.google.com/urchin45/bin/topic5329.html]
[support.google.com/urchin45/bin/topic79ab.html]
[support.google.com/urchin45/bin/answer47ec.html]
[support.google.com/urchin45/bin/answer3b58.html]
[support.google.com/urchin45/bin/answer7195.html]
[support.google.com/urchin45/bin/answer8651.html]
[support.google.com/urchin45/bin/answer18e4.html]
[support.google.com/urchin45/bin/answer2820.html]
[support.google.com/urchin45/bin/answer8bc7.html]
[accounts.google.com/ServiceLogincb7d.html]
[support.google.com/urchin45/bin/topic5cf0.html]
[support.google.com/urchin45/bin/topic89e0.html]
[support.google.com/urchin45/bin/topice1a7.html]
[support.google.com/urchin45/bin/topicc131.html]
[support.google.com/urchin45/bin/topic7dba.html]
[support.google.com/urchin45/bin/topic802f.html]
[support.google.com/urchin45/bin/answerfa34.html]
[support.google.com/urchin45/bin/answer222c.html]
[support.google.com/urchin45/bin/answer39ea.html]
[support.google.com/urchin45/bin/answer8ad1.html]
[support.google.com/urchin45/bin/answer14c1.html]
[support.google.com/urchin45/bin/answerfbb6.html]
[support.google.com/urchin45/bin/answera38e.html]
[support.google.com/urchin45/bin/answer689e.html]
[accounts.google.com/ServiceLogin55b9.html]
[support.google.com/urchin45/bin/topic7394.html]
[support.google.com/urchin45/bin/answerda34.html]
[support.google.com/urchin45/bin/answer2bdb.html]
[support.google.com/urchin45/bin/answerdc8a.html]
[support.google.com/urchin45/bin/answer5cad.html]
[support.google.com/urchin45/bin/answerf8cd.html]
[support.google.com/urchin45/bin/answer9b04.html]
[accounts.google.com/ServiceLogindda9.html]
[support.google.com/urchin45/bin/topicf5dc.html]
[support.google.com/urchin45/bin/topic364d.html]
[support.google.com/urchin45/bin/topicb9da.html]
[support.google.com/urchin45/bin/topic3524.html]
[support.google.com/urchin45/bin/topicccb2.html]
[support.google.com/urchin45/bin/topic847f.html]
[support.google.com/urchin45/bin/topic9bd5.html]
[support.google.com/urchin45/bin/topic5cc9.html]
[support.google.com/urchin45/bin/answered5b.html]
[support.google.com/urchin45/bin/topic0411.html]
[support.google.com/urchin45/bin/answere948.html]
[support.google.com/urchin45/bin/answer9260.html]
[support.google.com/urchin45/bin/answer4fcb.html]
[support.google.com/urchin45/bin/answerfb82.html]
[support.google.com/urchin45/bin/answerb9f6.html]
[accounts.google.com/ServiceLoginf4a1.html]
[support.google.com/urchin45/bin/topic2682.html]
[support.google.com/urchin45/bin/answerb36c.html]
[support.google.com/urchin45/bin/answerf7d2.html]
[support.google.com/urchin45/bin/answera00d.html]
[support.google.com/urchin45/bin/answer8995.html]
[support.google.com/urchin45/bin/answeref74.html]
[support.google.com/urchin45/bin/answerdba5.html]
[accounts.google.com/ServiceLoginac21.html]
[support.google.com/urchin45/bin/topic4de4.html]
[support.google.com/urchin45/bin/topicb12d.html]
[support.google.com/urchin45/bin/topice42f.html]
[support.google.com/urchin45/bin/topic8e87.html]
[support.google.com/urchin45/bin/topicc134.html]
[support.google.com/urchin45/bin/topic0b51.html]
[support.google.com/urchin45/bin/answerc6f2.html]
[support.google.com/urchin45/bin/answer3c08.html]
[support.google.com/urchin45/bin/answerc9a3.html]
[support.google.com/urchin45/bin/answer0175.html]
[support.google.com/urchin45/bin/answer90c2.html]
[support.google.com/urchin45/bin/answerb5c5.html]
[accounts.google.com/ServiceLogin213e.html]
[support.google.com/bin/answeraf20.html]
[support.google.com/urchin45/bin/answer9ad4.html]
[accounts.google.com/ServiceLogin389a.html]
[www.adobe.com/svg/viewer/install/main.html]
[www.adobe.com/svg/index.html]
[support.google.com/urchin45/bin/answer5364.html]
[support.google.com/urchin45/bin/answerc19f.html]
[support.google.com/urchin45/bin/topic1572.html]
[support.google.com/urchin45/bin/answere228.html]
[support.google.com/urchin45/bin/answer74cc.html]
[support.google.com/urchin45/bin/answer4e6f.html]
[support.google.com/urchin45/bin/answer6dcd.html]
[accounts.google.com/ServiceLogindad8.html]
[www.google.com/analytics/hc/images_/link_to_page.html]
[support.google.com/urchin45/bin/answer6b69.html]
[support.google.com/urchin45/bin/answer7246.html]
[support.google.com/urchin45/bin/answer8c40.html]
[support.google.com/urchin45/bin/topic2cec.html]
[support.google.com/urchin45/bin/answer1387.html]
[support.google.com/urchin45/bin/answer5f2e.html]
[support.google.com/urchin45/bin/answer3888.html]
[support.google.com/urchin45/bin/answer30b4.html]
[accounts.google.com/ServiceLoginb20c.html]
[support.google.com/urchin45/bin/answer0bfc.html]
[support.google.com/urchin45/bin/answerf2d4.html]
[support.google.com/urchin45/bin/answerd255.html]
[support.google.com/urchin45/bin/answerf42a.html]
[support.google.com/urchin45/bin/answerbf51.html]
[support.google.com/urchin45/bin/answera279.html]
[support.google.com/urchin45/bin/answer4bc2.html]
[accounts.google.com/ServiceLogin2196.html]
[support.google.com/urchin45/bin/answer8844.html]
[support.google.com/urchin45/bin/answer9c40.html]
[support.google.com/urchin45/bin/answerde60.html]
[support.google.com/urchin45/bin/answer1671.html]
[support.google.com/urchin45/bin/answerc59d.html]
[support.google.com/urchin45/bin/answer108a.html]
[support.google.com/urchin45/bin/answerbd6b.html]
[accounts.google.com/ServiceLoginbf99.html]
[support.google.com/urchin45/bin/answereb55.html]
[support.google.com/urchin45/bin/answer39dd.html]
[support.google.com/urchin45/bin/answer4063.html]
[support.google.com/urchin45/bin/answer1dd6.html]
[support.google.com/urchin45/bin/answer228f.html]
[support.google.com/urchin45/bin/answerd63e.html]
[support.google.com/urchin45/bin/answerc0fe.html]
[support.google.com/urchin45/bin/answer5a95.html]
[support.google.com/urchin45/bin/answer2fbb.html]
[support.google.com/urchin45/bin/answerba0b.html]
[support.google.com/urchin45/bin/answer249b.html]
[support.google.com/urchin45/bin/answercfdb.html]
[support.google.com/urchin45/bin/answerf8c8.html]
[support.google.com/urchin45/bin/answercff7.html]
[support.google.com/urchin45/bin/answera9fb.html]
[support.google.com/urchin45/bin/answercee5.html]
[support.google.com/urchin45/bin/answer9f9d.html]
[support.google.com/urchin45/bin/answercee4.html]
[support.google.com/urchin45/bin/answera38a.html]
[support.google.com/urchin45/bin/answer5343.html]
[support.google.com/urchin45/bin/answer40fe.html]
[support.google.com/urchin45/bin/answeref0c.html]
[support.google.com/urchin45/bin/answer7f5d.html]
[support.google.com/urchin45/bin/answer9799.html]
[support.google.com/urchin45/bin/answerea5c.html]
[accounts.google.com/ServiceLogin1d63.html]
[support.google.com/urchin45/bin/answer1cc0.html]
[support.google.com/urchin45/bin/answerc55a.html]
[support.google.com/urchin45/bin/answer00c4.html]
[support.google.com/urchin45/bin/answer24c3.html]
[support.google.com/urchin45/bin/answer7357.html]
[support.google.com/urchin45/bin/answer4734.html]
[accounts.google.com/ServiceLoginc301.html]
[support.google.com/indexfef7.html]
[fonts.googleapis.com/css7ba5.css]
[www.google.com/policies/css/default.css]
[www.google.com/index.html]
[www.google.com/intl/en/policies/privacy/ads/index.html]
[www.google.com/intl/en/policies/privacy/ads/index.html]
[www.google.com/intl/en/policies/privacy/principles/index.html]
[www.google.com/intl/en/policies/privacy/principles/index.html]
[www.google.com/intl/en/policies/privacy/tools/index.html]
[www.google.com/intl/en/policies/privacy/tools/index.html]
[www.google.com/intl/en/policies/privacy/blogs/index.html]
[www.google.com/intl/en/policies/privacy/blogs/index.html]
[www.google.com/intl/en/policies/privacy/videos/index.html]
[www.google.com/intl/en/policies/privacy/videos/index.html]
[www.google.com/intl/en/policies/privacy/faq/index.html]
[www.google.com/intl/en/policies/privacy/faq/index.html]
[www.google.com/intl/en/policies/privacy/archive/index.html]
[www.google.com/intl/en/policies/privacy/archive/index.html]
[www.google.com/intl/en/policies/privacy/frameworks/index.html]
[www.google.com/intl/en/policies/privacy/frameworks/index.html]
[www.google.com/intl/en/policies/privacy/key-terms/index.html]
[www.google.com/intl/en/policies/privacy/key-terms/index.html]
[support.google.com/bin/static7ce3.html]
[support.google.com/accounts/bin/answerfc16.html]
[www.google.com/dashboard/indexfef7.html]
[www.google.com/dashboard/indexfef7.html]
[www.google.com/settings/ads/preferences/indexfef7.html]
[www.google.com/settings/ads/preferences/indexfef7.html]
[support.google.com/accounts/bin/answer5738.html]
[support.google.com/plus/bin/staticc672.html]
[www.dataliberation.org/index.html]
[www.dataliberation.org/index.html]
[support.google.com/a/bin/answerc7ed.html]
[support.google.com/websearch/bin/answer8707.html]
[support.google.com/accounts/bin/answer847c.html]
[www.google.com/chrome/intl/en/more/security.html]
[www.google.com/chrome/intl/en/privacy.html]
[books.google.com/intl/en/googlebooks/privacy.html]
[wallet.google.com/files/privacyfef7.html]
[www.google.de/intl/en/policies/terms/regional.html]
[www.google.com/help/hc/images/icons/hc_icon_zippy_alt_collapsed.png]
[www.google.com/images/icons/feature/mail-lb16.png]
[www.google.com/help/hc/images/orkut_button_R.gif]
[www.google.com/images/icons/feature/chat-b32.png]
[www.google.com/images/icons/feature/babyblock-r16.png]
[www.google.com/images/icons/flag-16.gif]
[www.google.com/images/icons/feature/mail-b32.png]
[www.google.com/help/hc/images/icons/hc_icon_check_blue_global.png]
[www.google.com/images/icons/loading-16.gif]
[www.google.com/images/icons/feature/play-g16.png]
[www.google.com/images/icons/feature/phone-lb42.png]
[www.google.com/help/hc/images/hc_lb_close_icon.png]
[www.google.com/help/hc/images/nav_logo3.png]
[www.google.com/images/icons/search-32.gif]
[www.google.com/help/hc/images/hc_icon_back_global.png]
[www.google.com/help/hc/images/hc_icon_streamlined_arrow_left.png]
[www.google.com/help/hc/images/hc_yarnlett_global.png]
[www.google.com/images/icons/feature/chat-g48.png]
[www.google.com/images/icons/feature/screwdriver_wrench-24.gif]
[www.google.com/help/hc/images/adwords/question_mark_over_rtl.jpg]
[www.google.com/help/hc/images/adwords/awr_email.png]
[www.google.com/help/hc/images/adwords/awr_tip_36.png]
[www.google.com/analytics/hc/images_/visitor_proxy.gif]
